// Jest Snapshot v1, https://goo.gl/fbAQLP

exports[`generates a type 1`] = `
"interface User {
	id: number;
	name: string;
	active: boolean;
	jobTitle?: string;
}

interface Post {
	id: number;
	createdDate: number;
	modifiedDate: number;
	title: string;
	content: string;
}"
`;
